BEGIN 3:rd_if:fast__2:work
    rempty :  1:testbench:fast:work
    rinc :  1:testbench:fast:work
    rdata :  1:testbench:fast:work
END 
BEGIN 3:wr_if:fast__2:work
    winc :  1:testbench:fast:work
    wfull :  1:testbench:fast:work
    wdata :  1:testbench:fast:work
END 
BEGIN 3:rd_if:fast__1:work
    rinc :  1:fifo_uvm_pkg:fast:work
    rdata :  1:fifo_uvm_pkg:fast:work
    rclk :  1:fifo_uvm_pkg:fast:work
END 
BEGIN 3:wr_if:fast__1:work
    winc :  1:fifo_uvm_pkg:fast:work
    wdata :  1:fifo_uvm_pkg:fast:work
    wclk :  1:fifo_uvm_pkg:fast:work
END 
