Reading pref.tcl

# 2025.1_1

# vsim -c -sv_seed 12345 -coverage "+UVM_TESTNAME=my_case0" optimized_tb -do "run -all; coverage save my_case0.12345.ucdb; quit -f" 
# Start time: 15:25:54 on Jan 06,2026
# //  Questa Sim-64
# //  Version 2025.1_1 linux_x86_64 Feb 13 2025
# //
# // Unpublished work. Copyright 2025 Siemens
# //
# // This material contains trade secrets or otherwise confidential information
# // owned by Siemens Industry Software Inc. or its affiliates (collectively,
# // "SISW"), or its licensors. Access to and use of this information is strictly
# // limited as set forth in the Customer's applicable agreements with SISW.
# //
# // This material may not be copied, distributed, or otherwise disclosed outside
# // of the Customer's facilities without the express written permission of SISW,
# // and may not be used in any way not expressly authorized by SISW.
# //
# Loading sv_std.std
# Loading work.wr_if(fast)
# Loading work.rd_if(fast)
# Loading mtiUvm.uvm_pkg(fast)
# Loading work.fifo_uvm_pkg(fast)
# Loading work.testbench_sv_unit(fast)
# Loading mtiUvm.questa_uvm_pkg(fast)
# Loading work.testbench(fast)
# Loading work.wr_if(fast__2)
# Loading work.rd_if(fast__2)
# Loading work.async_fifo(fast)
# Loading work.sync_r2w(fast)
# Loading work.sync_w2r(fast)
# Loading work.fifomem(fast)
# Loading work.rptr_empty(fast)
# Loading work.wptr_full(fast)
# Loading /mnt/apps/public/COE/mg_apps/questa2025.1_1/questasim/uvm-1.1d/linux_x86_64/uvm_dpi.so
# run -all
# ----------------------------------------------------------------
# UVM-1.1d
# (C) 2007-2013 Mentor Graphics Corporation
# (C) 2007-2013 Cadence Design Systems, Inc.
# (C) 2006-2013 Synopsys, Inc.
# (C) 2011-2013 Cypress Semiconductor Corp.
# ----------------------------------------------------------------
# 
#   ***********       IMPORTANT RELEASE NOTES         ************
# 
#   You are using a version of the UVM library that has been compiled
#   with `UVM_NO_DEPRECATED undefined.
#   See http://www.eda.org/svdb/view.php?id=3313 for more details.
# 
#   You are using a version of the UVM library that has been compiled
#   with `UVM_OBJECT_MUST_HAVE_CONSTRUCTOR undefined.
#   See http://www.eda.org/svdb/view.php?id=3770 for more details.
# 
#       (Specify +UVM_NO_RELNOTES to turn off this notice)
# 
# UVM_INFO verilog_src/questa_uvm_pkg-1.2/src/questa_uvm_pkg.sv(277) @ 0: reporter [Questa UVM] QUESTA_UVM-1.2.3
# UVM_INFO verilog_src/questa_uvm_pkg-1.2/src/questa_uvm_pkg.sv(278) @ 0: reporter [Questa UVM]  questa_uvm::init(+struct)
# DATA_DEPTH:16
# UVM_INFO @ 0: reporter [RNTST] Running test my_case0...
# UVM_INFO UVM/write_fifo_monitor.sv(35) @ 0: uvm_test_top.env.i_agt.mon [WRITE_MON] Write FIFO monitor build complete
# UVM_INFO UVM/read_fifo_driver.sv(27) @ 0: uvm_test_top.env.o_agt.drv [READ_DRV] Read FIFO driver build complete
# UVM_INFO UVM/read_fifo_monitor.sv(33) @ 0: uvm_test_top.env.o_agt.mon [READ_MON] Read FIFO monitor build complete
# UVM_INFO UVM/read_fifo_monitor.sv(41) @ 0: uvm_test_top.env.o_agt.mon [READ_MON] Read FIFO monitor started
# UVM_INFO UVM/write_fifo_monitor.sv(44) @ 0: uvm_test_top.env.i_agt.mon [WRITE_MON] Write FIFO monitor started
# UVM_INFO UVM/read_fifo_driver.sv(46) @ 1050000: uvm_test_top.env.o_agt.drv [READ_DRV] Reset released, starting read driver
# UVM_INFO UVM/write_fifo_driver.sv(49) @ 1100000: uvm_test_top.env.i_agt.drv [WRITE_DRV] Reset released, starting write driver
# UVM_INFO UVM/write_fifo_driver.sv(66) @ 1100000: uvm_test_top.env.i_agt.drv [WRITE_DRV] Received WRITE transaction: tx_id=0 data=0x71
# UVM_INFO UVM/write_fifo_driver.sv(101) @ 1100000: uvm_test_top.env.i_agt.drv [WRITE_DRV] Attempting WRITE: tx_id=0 data=0x71
# UVM_INFO UVM/write_fifo_driver.sv(125) @ 1300000: uvm_test_top.env.i_agt.drv [WRITE_DRV] WRITE accepted by DUT: tx_id=0 data=0x71
# UVM_INFO UVM/write_fifo_driver.sv(75) @ 1500000: uvm_test_top.env.i_agt.drv [WRITE_DRV] Completed WRITE transaction: tx_id=0 data=0x71
# UVM_INFO UVM/my_case0.sv(37) @ 1500000: uvm_test_top.env.m_vseqr@@my_case0_sequence [my_case0] WRITE sent one item
# UVM_INFO UVM/read_fifo_driver.sv(58) @ 1500000: uvm_test_top.env.o_agt.drv [READ_DRV] Received READ transaction from sequencer
# UVM_INFO UVM/read_fifo_driver.sv(85) @ 1500000: uvm_test_top.env.o_agt.drv [READ_DRV] Attempting read operation
# UVM_INFO UVM/read_fifo_driver.sv(111) @ 2550000: uvm_test_top.env.o_agt.drv [READ_DRV] FIFO not empty, asserting rinc
# UVM_INFO UVM/read_fifo_driver.sv(122) @ 2850000: uvm_test_top.env.o_agt.drv [READ_DRV] Read pulse asserted
# UVM_INFO UVM/read_fifo_driver.sv(66) @ 2850000: uvm_test_top.env.o_agt.drv [READ_DRV] Completed READ transaction
# UVM_INFO UVM/read_fifo_seq.sv(30) @ 2850000: uvm_test_top.env.o_agt.sqr@@my_case0_sequence.rd_seq [read_fifo_seq] Issued one READ transaction
# UVM_INFO UVM/my_case0.sv(40) @ 2850000: uvm_test_top.env.m_vseqr@@my_case0_sequence [my_case0] READ requested one item
# UVM_INFO UVM/write_fifo_driver.sv(66) @ 2850000: uvm_test_top.env.i_agt.drv [WRITE_DRV] Received WRITE transaction: tx_id=1 data=0x46
# UVM_INFO UVM/write_fifo_driver.sv(101) @ 2850000: uvm_test_top.env.i_agt.drv [WRITE_DRV] Attempting WRITE: tx_id=1 data=0x46
# UVM_INFO UVM/write_fifo_driver.sv(125) @ 2900000: uvm_test_top.env.i_agt.drv [WRITE_DRV] WRITE accepted by DUT: tx_id=1 data=0x46
# UVM_INFO UVM/write_fifo_driver.sv(75) @ 3100000: uvm_test_top.env.i_agt.drv [WRITE_DRV] Completed WRITE transaction: tx_id=1 data=0x46
# UVM_INFO UVM/my_case0.sv(37) @ 3100000: uvm_test_top.env.m_vseqr@@my_case0_sequence [my_case0] WRITE sent one item
# UVM_INFO UVM/read_fifo_driver.sv(58) @ 3100000: uvm_test_top.env.o_agt.drv [READ_DRV] Received READ transaction from sequencer
# UVM_INFO UVM/read_fifo_driver.sv(85) @ 3100000: uvm_test_top.env.o_agt.drv [READ_DRV] Attempting read operation
# UVM_INFO UVM/read_fifo_driver.sv(111) @ 4050000: uvm_test_top.env.o_agt.drv [READ_DRV] FIFO not empty, asserting rinc
# UVM_INFO UVM/read_fifo_driver.sv(122) @ 4350000: uvm_test_top.env.o_agt.drv [READ_DRV] Read pulse asserted
# UVM_INFO UVM/read_fifo_driver.sv(66) @ 4350000: uvm_test_top.env.o_agt.drv [READ_DRV] Completed READ transaction
# UVM_INFO UVM/read_fifo_seq.sv(30) @ 4350000: uvm_test_top.env.o_agt.sqr@@my_case0_sequence.rd_seq [read_fifo_seq] Issued one READ transaction
# UVM_INFO UVM/my_case0.sv(40) @ 4350000: uvm_test_top.env.m_vseqr@@my_case0_sequence [my_case0] READ requested one item
# UVM_INFO UVM/write_fifo_driver.sv(66) @ 4350000: uvm_test_top.env.i_agt.drv [WRITE_DRV] Received WRITE transaction: tx_id=2 data=0xd
# UVM_INFO UVM/write_fifo_driver.sv(101) @ 4350000: uvm_test_top.env.i_agt.drv [WRITE_DRV] Attempting WRITE: tx_id=2 data=0xd
# UVM_INFO UVM/write_fifo_driver.sv(125) @ 4500000: uvm_test_top.env.i_agt.drv [WRITE_DRV] WRITE accepted by DUT: tx_id=2 data=0xd
# UVM_INFO UVM/write_fifo_driver.sv(75) @ 4700000: uvm_test_top.env.i_agt.drv [WRITE_DRV] Completed WRITE transaction: tx_id=2 data=0xd
# UVM_INFO UVM/my_case0.sv(37) @ 4700000: uvm_test_top.env.m_vseqr@@my_case0_sequence [my_case0] WRITE sent one item
# UVM_INFO UVM/read_fifo_driver.sv(58) @ 4700000: uvm_test_top.env.o_agt.drv [READ_DRV] Received READ transaction from sequencer
# UVM_INFO UVM/read_fifo_driver.sv(85) @ 4700000: uvm_test_top.env.o_agt.drv [READ_DRV] Attempting read operation
# UVM_INFO UVM/read_fifo_driver.sv(111) @ 5850000: uvm_test_top.env.o_agt.drv [READ_DRV] FIFO not empty, asserting rinc
# UVM_INFO UVM/read_fifo_driver.sv(122) @ 6150000: uvm_test_top.env.o_agt.drv [READ_DRV] Read pulse asserted
# UVM_INFO UVM/read_fifo_driver.sv(66) @ 6150000: uvm_test_top.env.o_agt.drv [READ_DRV] Completed READ transaction
# UVM_INFO UVM/read_fifo_seq.sv(30) @ 6150000: uvm_test_top.env.o_agt.sqr@@my_case0_sequence.rd_seq [read_fifo_seq] Issued one READ transaction
# UVM_INFO UVM/my_case0.sv(40) @ 6150000: uvm_test_top.env.m_vseqr@@my_case0_sequence [my_case0] READ requested one item
# UVM_INFO UVM/write_fifo_driver.sv(66) @ 6150000: uvm_test_top.env.i_agt.drv [WRITE_DRV] Received WRITE transaction: tx_id=3 data=0xb1
# UVM_INFO UVM/write_fifo_driver.sv(101) @ 6150000: uvm_test_top.env.i_agt.drv [WRITE_DRV] Attempting WRITE: tx_id=3 data=0xb1
# UVM_INFO UVM/write_fifo_driver.sv(125) @ 6300000: uvm_test_top.env.i_agt.drv [WRITE_DRV] WRITE accepted by DUT: tx_id=3 data=0xb1
# UVM_INFO UVM/write_fifo_driver.sv(75) @ 6500000: uvm_test_top.env.i_agt.drv [WRITE_DRV] Completed WRITE transaction: tx_id=3 data=0xb1
# UVM_INFO UVM/my_case0.sv(37) @ 6500000: uvm_test_top.env.m_vseqr@@my_case0_sequence [my_case0] WRITE sent one item
# UVM_INFO UVM/read_fifo_driver.sv(58) @ 6500000: uvm_test_top.env.o_agt.drv [READ_DRV] Received READ transaction from sequencer
# UVM_INFO UVM/read_fifo_driver.sv(85) @ 6500000: uvm_test_top.env.o_agt.drv [READ_DRV] Attempting read operation
# UVM_INFO UVM/read_fifo_driver.sv(111) @ 7650000: uvm_test_top.env.o_agt.drv [READ_DRV] FIFO not empty, asserting rinc
# UVM_INFO UVM/read_fifo_driver.sv(122) @ 7950000: uvm_test_top.env.o_agt.drv [READ_DRV] Read pulse asserted
# UVM_INFO UVM/read_fifo_driver.sv(66) @ 7950000: uvm_test_top.env.o_agt.drv [READ_DRV] Completed READ transaction
# UVM_INFO UVM/read_fifo_seq.sv(30) @ 7950000: uvm_test_top.env.o_agt.sqr@@my_case0_sequence.rd_seq [read_fifo_seq] Issued one READ transaction
# UVM_INFO UVM/my_case0.sv(40) @ 7950000: uvm_test_top.env.m_vseqr@@my_case0_sequence [my_case0] READ requested one item
# UVM_INFO UVM/write_fifo_driver.sv(66) @ 7950000: uvm_test_top.env.i_agt.drv [WRITE_DRV] Received WRITE transaction: tx_id=4 data=0x15
# UVM_INFO UVM/write_fifo_driver.sv(101) @ 7950000: uvm_test_top.env.i_agt.drv [WRITE_DRV] Attempting WRITE: tx_id=4 data=0x15
# UVM_INFO UVM/write_fifo_driver.sv(125) @ 8100000: uvm_test_top.env.i_agt.drv [WRITE_DRV] WRITE accepted by DUT: tx_id=4 data=0x15
# UVM_INFO UVM/write_fifo_driver.sv(75) @ 8300000: uvm_test_top.env.i_agt.drv [WRITE_DRV] Completed WRITE transaction: tx_id=4 data=0x15
# UVM_INFO UVM/my_case0.sv(37) @ 8300000: uvm_test_top.env.m_vseqr@@my_case0_sequence [my_case0] WRITE sent one item
# UVM_INFO UVM/read_fifo_driver.sv(58) @ 8300000: uvm_test_top.env.o_agt.drv [READ_DRV] Received READ transaction from sequencer
# UVM_INFO UVM/read_fifo_driver.sv(85) @ 8300000: uvm_test_top.env.o_agt.drv [READ_DRV] Attempting read operation
# UVM_INFO UVM/read_fifo_driver.sv(111) @ 9450000: uvm_test_top.env.o_agt.drv [READ_DRV] FIFO not empty, asserting rinc
# UVM_INFO UVM/read_fifo_driver.sv(122) @ 9750000: uvm_test_top.env.o_agt.drv [READ_DRV] Read pulse asserted
# UVM_INFO UVM/read_fifo_driver.sv(66) @ 9750000: uvm_test_top.env.o_agt.drv [READ_DRV] Completed READ transaction
# UVM_INFO UVM/read_fifo_seq.sv(30) @ 9750000: uvm_test_top.env.o_agt.sqr@@my_case0_sequence.rd_seq [read_fifo_seq] Issued one READ transaction
# UVM_INFO UVM/my_case0.sv(40) @ 9750000: uvm_test_top.env.m_vseqr@@my_case0_sequence [my_case0] READ requested one item
# UVM_INFO UVM/write_fifo_driver.sv(66) @ 9750000: uvm_test_top.env.i_agt.drv [WRITE_DRV] Received WRITE transaction: tx_id=5 data=0xd6
# UVM_INFO UVM/write_fifo_driver.sv(101) @ 9750000: uvm_test_top.env.i_agt.drv [WRITE_DRV] Attempting WRITE: tx_id=5 data=0xd6
# UVM_INFO UVM/write_fifo_driver.sv(125) @ 9900000: uvm_test_top.env.i_agt.drv [WRITE_DRV] WRITE accepted by DUT: tx_id=5 data=0xd6
# UVM_INFO UVM/write_fifo_driver.sv(75) @ 10100000: uvm_test_top.env.i_agt.drv [WRITE_DRV] Completed WRITE transaction: tx_id=5 data=0xd6
# UVM_INFO UVM/my_case0.sv(37) @ 10100000: uvm_test_top.env.m_vseqr@@my_case0_sequence [my_case0] WRITE sent one item
# UVM_INFO UVM/read_fifo_driver.sv(58) @ 10100000: uvm_test_top.env.o_agt.drv [READ_DRV] Received READ transaction from sequencer
# UVM_INFO UVM/read_fifo_driver.sv(85) @ 10100000: uvm_test_top.env.o_agt.drv [READ_DRV] Attempting read operation
# UVM_INFO UVM/read_fifo_driver.sv(111) @ 11250000: uvm_test_top.env.o_agt.drv [READ_DRV] FIFO not empty, asserting rinc
# UVM_INFO UVM/read_fifo_driver.sv(122) @ 11550000: uvm_test_top.env.o_agt.drv [READ_DRV] Read pulse asserted
# UVM_INFO UVM/read_fifo_driver.sv(66) @ 11550000: uvm_test_top.env.o_agt.drv [READ_DRV] Completed READ transaction
# UVM_INFO UVM/read_fifo_seq.sv(30) @ 11550000: uvm_test_top.env.o_agt.sqr@@my_case0_sequence.rd_seq [read_fifo_seq] Issued one READ transaction
# UVM_INFO UVM/my_case0.sv(40) @ 11550000: uvm_test_top.env.m_vseqr@@my_case0_sequence [my_case0] READ requested one item
# UVM_INFO UVM/write_fifo_driver.sv(66) @ 11550000: uvm_test_top.env.i_agt.drv [WRITE_DRV] Received WRITE transaction: tx_id=6 data=0xe3
# UVM_INFO UVM/write_fifo_driver.sv(101) @ 11550000: uvm_test_top.env.i_agt.drv [WRITE_DRV] Attempting WRITE: tx_id=6 data=0xe3
# UVM_INFO UVM/write_fifo_driver.sv(125) @ 11700000: uvm_test_top.env.i_agt.drv [WRITE_DRV] WRITE accepted by DUT: tx_id=6 data=0xe3
# UVM_INFO UVM/write_fifo_driver.sv(75) @ 11900000: uvm_test_top.env.i_agt.drv [WRITE_DRV] Completed WRITE transaction: tx_id=6 data=0xe3
# UVM_INFO UVM/my_case0.sv(37) @ 11900000: uvm_test_top.env.m_vseqr@@my_case0_sequence [my_case0] WRITE sent one item
# UVM_INFO UVM/read_fifo_driver.sv(58) @ 11900000: uvm_test_top.env.o_agt.drv [READ_DRV] Received READ transaction from sequencer
# UVM_INFO UVM/read_fifo_driver.sv(85) @ 11900000: uvm_test_top.env.o_agt.drv [READ_DRV] Attempting read operation
# UVM_INFO UVM/read_fifo_driver.sv(111) @ 13050000: uvm_test_top.env.o_agt.drv [READ_DRV] FIFO not empty, asserting rinc
# UVM_INFO UVM/read_fifo_driver.sv(122) @ 13350000: uvm_test_top.env.o_agt.drv [READ_DRV] Read pulse asserted
# UVM_INFO UVM/read_fifo_driver.sv(66) @ 13350000: uvm_test_top.env.o_agt.drv [READ_DRV] Completed READ transaction
# UVM_INFO UVM/read_fifo_seq.sv(30) @ 13350000: uvm_test_top.env.o_agt.sqr@@my_case0_sequence.rd_seq [read_fifo_seq] Issued one READ transaction
# UVM_INFO UVM/my_case0.sv(40) @ 13350000: uvm_test_top.env.m_vseqr@@my_case0_sequence [my_case0] READ requested one item
# UVM_INFO UVM/write_fifo_driver.sv(66) @ 13350000: uvm_test_top.env.i_agt.drv [WRITE_DRV] Received WRITE transaction: tx_id=7 data=0xe3
# UVM_INFO UVM/write_fifo_driver.sv(101) @ 13350000: uvm_test_top.env.i_agt.drv [WRITE_DRV] Attempting WRITE: tx_id=7 data=0xe3
# UVM_INFO UVM/write_fifo_driver.sv(125) @ 13500000: uvm_test_top.env.i_agt.drv [WRITE_DRV] WRITE accepted by DUT: tx_id=7 data=0xe3
# UVM_INFO UVM/write_fifo_driver.sv(75) @ 13700000: uvm_test_top.env.i_agt.drv [WRITE_DRV] Completed WRITE transaction: tx_id=7 data=0xe3
# UVM_INFO UVM/my_case0.sv(37) @ 13700000: uvm_test_top.env.m_vseqr@@my_case0_sequence [my_case0] WRITE sent one item
# UVM_INFO UVM/read_fifo_driver.sv(58) @ 13700000: uvm_test_top.env.o_agt.drv [READ_DRV] Received READ transaction from sequencer
# UVM_INFO UVM/read_fifo_driver.sv(85) @ 13700000: uvm_test_top.env.o_agt.drv [READ_DRV] Attempting read operation
# UVM_INFO UVM/read_fifo_driver.sv(111) @ 14850000: uvm_test_top.env.o_agt.drv [READ_DRV] FIFO not empty, asserting rinc
# UVM_INFO UVM/read_fifo_driver.sv(122) @ 15150000: uvm_test_top.env.o_agt.drv [READ_DRV] Read pulse asserted
# UVM_INFO UVM/read_fifo_driver.sv(66) @ 15150000: uvm_test_top.env.o_agt.drv [READ_DRV] Completed READ transaction
# UVM_INFO UVM/read_fifo_seq.sv(30) @ 15150000: uvm_test_top.env.o_agt.sqr@@my_case0_sequence.rd_seq [read_fifo_seq] Issued one READ transaction
# UVM_INFO UVM/my_case0.sv(40) @ 15150000: uvm_test_top.env.m_vseqr@@my_case0_sequence [my_case0] READ requested one item
# UVM_INFO UVM/write_fifo_driver.sv(66) @ 15150000: uvm_test_top.env.i_agt.drv [WRITE_DRV] Received WRITE transaction: tx_id=8 data=0x5f
# UVM_INFO UVM/write_fifo_driver.sv(101) @ 15150000: uvm_test_top.env.i_agt.drv [WRITE_DRV] Attempting WRITE: tx_id=8 data=0x5f
# UVM_INFO UVM/write_fifo_driver.sv(125) @ 15300000: uvm_test_top.env.i_agt.drv [WRITE_DRV] WRITE accepted by DUT: tx_id=8 data=0x5f
# UVM_INFO UVM/write_fifo_driver.sv(75) @ 15500000: uvm_test_top.env.i_agt.drv [WRITE_DRV] Completed WRITE transaction: tx_id=8 data=0x5f
# UVM_INFO UVM/my_case0.sv(37) @ 15500000: uvm_test_top.env.m_vseqr@@my_case0_sequence [my_case0] WRITE sent one item
# UVM_INFO UVM/read_fifo_driver.sv(58) @ 15500000: uvm_test_top.env.o_agt.drv [READ_DRV] Received READ transaction from sequencer
# UVM_INFO UVM/read_fifo_driver.sv(85) @ 15500000: uvm_test_top.env.o_agt.drv [READ_DRV] Attempting read operation
# UVM_INFO UVM/read_fifo_driver.sv(111) @ 16650000: uvm_test_top.env.o_agt.drv [READ_DRV] FIFO not empty, asserting rinc
# UVM_INFO UVM/read_fifo_driver.sv(122) @ 16950000: uvm_test_top.env.o_agt.drv [READ_DRV] Read pulse asserted
# UVM_INFO UVM/read_fifo_driver.sv(66) @ 16950000: uvm_test_top.env.o_agt.drv [READ_DRV] Completed READ transaction
# UVM_INFO UVM/read_fifo_seq.sv(30) @ 16950000: uvm_test_top.env.o_agt.sqr@@my_case0_sequence.rd_seq [read_fifo_seq] Issued one READ transaction
# UVM_INFO UVM/my_case0.sv(40) @ 16950000: uvm_test_top.env.m_vseqr@@my_case0_sequence [my_case0] READ requested one item
# UVM_INFO UVM/write_fifo_driver.sv(66) @ 16950000: uvm_test_top.env.i_agt.drv [WRITE_DRV] Received WRITE transaction: tx_id=9 data=0x5a
# UVM_INFO UVM/write_fifo_driver.sv(101) @ 16950000: uvm_test_top.env.i_agt.drv [WRITE_DRV] Attempting WRITE: tx_id=9 data=0x5a
# UVM_INFO UVM/write_fifo_driver.sv(125) @ 17100000: uvm_test_top.env.i_agt.drv [WRITE_DRV] WRITE accepted by DUT: tx_id=9 data=0x5a
# UVM_INFO UVM/write_fifo_driver.sv(75) @ 17300000: uvm_test_top.env.i_agt.drv [WRITE_DRV] Completed WRITE transaction: tx_id=9 data=0x5a
# UVM_INFO UVM/my_case0.sv(37) @ 17300000: uvm_test_top.env.m_vseqr@@my_case0_sequence [my_case0] WRITE sent one item
# UVM_INFO UVM/read_fifo_driver.sv(58) @ 17300000: uvm_test_top.env.o_agt.drv [READ_DRV] Received READ transaction from sequencer
# UVM_INFO UVM/read_fifo_driver.sv(85) @ 17300000: uvm_test_top.env.o_agt.drv [READ_DRV] Attempting read operation
# UVM_INFO UVM/read_fifo_driver.sv(111) @ 18450000: uvm_test_top.env.o_agt.drv [READ_DRV] FIFO not empty, asserting rinc
# UVM_INFO UVM/read_fifo_driver.sv(122) @ 18750000: uvm_test_top.env.o_agt.drv [READ_DRV] Read pulse asserted
# UVM_INFO UVM/read_fifo_driver.sv(66) @ 18750000: uvm_test_top.env.o_agt.drv [READ_DRV] Completed READ transaction
# UVM_INFO UVM/read_fifo_seq.sv(30) @ 18750000: uvm_test_top.env.o_agt.sqr@@my_case0_sequence.rd_seq [read_fifo_seq] Issued one READ transaction
# UVM_INFO UVM/my_case0.sv(40) @ 18750000: uvm_test_top.env.m_vseqr@@my_case0_sequence [my_case0] READ requested one item
# UVM_INFO UVM/write_fifo_driver.sv(66) @ 18750000: uvm_test_top.env.i_agt.drv [WRITE_DRV] Received WRITE transaction: tx_id=10 data=0x49
# UVM_INFO UVM/write_fifo_driver.sv(101) @ 18750000: uvm_test_top.env.i_agt.drv [WRITE_DRV] Attempting WRITE: tx_id=10 data=0x49
# UVM_INFO UVM/write_fifo_driver.sv(125) @ 18900000: uvm_test_top.env.i_agt.drv [WRITE_DRV] WRITE accepted by DUT: tx_id=10 data=0x49
# UVM_INFO UVM/write_fifo_driver.sv(75) @ 19100000: uvm_test_top.env.i_agt.drv [WRITE_DRV] Completed WRITE transaction: tx_id=10 data=0x49
# UVM_INFO UVM/my_case0.sv(37) @ 19100000: uvm_test_top.env.m_vseqr@@my_case0_sequence [my_case0] WRITE sent one item
# UVM_INFO UVM/read_fifo_driver.sv(58) @ 19100000: uvm_test_top.env.o_agt.drv [READ_DRV] Received READ transaction from sequencer
# UVM_INFO UVM/read_fifo_driver.sv(85) @ 19100000: uvm_test_top.env.o_agt.drv [READ_DRV] Attempting read operation
# UVM_INFO UVM/read_fifo_driver.sv(111) @ 20250000: uvm_test_top.env.o_agt.drv [READ_DRV] FIFO not empty, asserting rinc
# UVM_INFO UVM/read_fifo_driver.sv(122) @ 20550000: uvm_test_top.env.o_agt.drv [READ_DRV] Read pulse asserted
# UVM_INFO UVM/read_fifo_driver.sv(66) @ 20550000: uvm_test_top.env.o_agt.drv [READ_DRV] Completed READ transaction
# UVM_INFO UVM/read_fifo_seq.sv(30) @ 20550000: uvm_test_top.env.o_agt.sqr@@my_case0_sequence.rd_seq [read_fifo_seq] Issued one READ transaction
# UVM_INFO UVM/my_case0.sv(40) @ 20550000: uvm_test_top.env.m_vseqr@@my_case0_sequence [my_case0] READ requested one item
# UVM_INFO UVM/write_fifo_driver.sv(66) @ 20550000: uvm_test_top.env.i_agt.drv [WRITE_DRV] Received WRITE transaction: tx_id=11 data=0xfa
# UVM_INFO UVM/write_fifo_driver.sv(101) @ 20550000: uvm_test_top.env.i_agt.drv [WRITE_DRV] Attempting WRITE: tx_id=11 data=0xfa
# UVM_INFO UVM/write_fifo_driver.sv(125) @ 20700000: uvm_test_top.env.i_agt.drv [WRITE_DRV] WRITE accepted by DUT: tx_id=11 data=0xfa
# UVM_INFO UVM/write_fifo_driver.sv(75) @ 20900000: uvm_test_top.env.i_agt.drv [WRITE_DRV] Completed WRITE transaction: tx_id=11 data=0xfa
# UVM_INFO UVM/my_case0.sv(37) @ 20900000: uvm_test_top.env.m_vseqr@@my_case0_sequence [my_case0] WRITE sent one item
# UVM_INFO UVM/read_fifo_driver.sv(58) @ 20900000: uvm_test_top.env.o_agt.drv [READ_DRV] Received READ transaction from sequencer
# UVM_INFO UVM/read_fifo_driver.sv(85) @ 20900000: uvm_test_top.env.o_agt.drv [READ_DRV] Attempting read operation
# UVM_INFO UVM/read_fifo_driver.sv(111) @ 22050000: uvm_test_top.env.o_agt.drv [READ_DRV] FIFO not empty, asserting rinc
# UVM_INFO UVM/read_fifo_driver.sv(122) @ 22350000: uvm_test_top.env.o_agt.drv [READ_DRV] Read pulse asserted
# UVM_INFO UVM/read_fifo_driver.sv(66) @ 22350000: uvm_test_top.env.o_agt.drv [READ_DRV] Completed READ transaction
# UVM_INFO UVM/read_fifo_seq.sv(30) @ 22350000: uvm_test_top.env.o_agt.sqr@@my_case0_sequence.rd_seq [read_fifo_seq] Issued one READ transaction
# UVM_INFO UVM/my_case0.sv(40) @ 22350000: uvm_test_top.env.m_vseqr@@my_case0_sequence [my_case0] READ requested one item
# UVM_INFO UVM/write_fifo_driver.sv(66) @ 22350000: uvm_test_top.env.i_agt.drv [WRITE_DRV] Received WRITE transaction: tx_id=12 data=0x21
# UVM_INFO UVM/write_fifo_driver.sv(101) @ 22350000: uvm_test_top.env.i_agt.drv [WRITE_DRV] Attempting WRITE: tx_id=12 data=0x21
# UVM_INFO UVM/write_fifo_driver.sv(125) @ 22500000: uvm_test_top.env.i_agt.drv [WRITE_DRV] WRITE accepted by DUT: tx_id=12 data=0x21
# UVM_INFO UVM/write_fifo_driver.sv(75) @ 22700000: uvm_test_top.env.i_agt.drv [WRITE_DRV] Completed WRITE transaction: tx_id=12 data=0x21
# UVM_INFO UVM/my_case0.sv(37) @ 22700000: uvm_test_top.env.m_vseqr@@my_case0_sequence [my_case0] WRITE sent one item
# UVM_INFO UVM/read_fifo_driver.sv(58) @ 22700000: uvm_test_top.env.o_agt.drv [READ_DRV] Received READ transaction from sequencer
# UVM_INFO UVM/read_fifo_driver.sv(85) @ 22700000: uvm_test_top.env.o_agt.drv [READ_DRV] Attempting read operation
# UVM_INFO UVM/read_fifo_driver.sv(111) @ 23850000: uvm_test_top.env.o_agt.drv [READ_DRV] FIFO not empty, asserting rinc
# UVM_INFO UVM/read_fifo_driver.sv(122) @ 24150000: uvm_test_top.env.o_agt.drv [READ_DRV] Read pulse asserted
# UVM_INFO UVM/read_fifo_driver.sv(66) @ 24150000: uvm_test_top.env.o_agt.drv [READ_DRV] Completed READ transaction
# UVM_INFO UVM/read_fifo_seq.sv(30) @ 24150000: uvm_test_top.env.o_agt.sqr@@my_case0_sequence.rd_seq [read_fifo_seq] Issued one READ transaction
# UVM_INFO UVM/my_case0.sv(40) @ 24150000: uvm_test_top.env.m_vseqr@@my_case0_sequence [my_case0] READ requested one item
# UVM_INFO UVM/write_fifo_driver.sv(66) @ 24150000: uvm_test_top.env.i_agt.drv [WRITE_DRV] Received WRITE transaction: tx_id=13 data=0x7f
# UVM_INFO UVM/write_fifo_driver.sv(101) @ 24150000: uvm_test_top.env.i_agt.drv [WRITE_DRV] Attempting WRITE: tx_id=13 data=0x7f
# UVM_INFO UVM/write_fifo_driver.sv(125) @ 24300000: uvm_test_top.env.i_agt.drv [WRITE_DRV] WRITE accepted by DUT: tx_id=13 data=0x7f
# UVM_INFO UVM/write_fifo_driver.sv(75) @ 24500000: uvm_test_top.env.i_agt.drv [WRITE_DRV] Completed WRITE transaction: tx_id=13 data=0x7f
# UVM_INFO UVM/my_case0.sv(37) @ 24500000: uvm_test_top.env.m_vseqr@@my_case0_sequence [my_case0] WRITE sent one item
# UVM_INFO UVM/read_fifo_driver.sv(58) @ 24500000: uvm_test_top.env.o_agt.drv [READ_DRV] Received READ transaction from sequencer
# UVM_INFO UVM/read_fifo_driver.sv(85) @ 24500000: uvm_test_top.env.o_agt.drv [READ_DRV] Attempting read operation
# UVM_INFO UVM/read_fifo_driver.sv(111) @ 25650000: uvm_test_top.env.o_agt.drv [READ_DRV] FIFO not empty, asserting rinc
# UVM_INFO UVM/read_fifo_driver.sv(122) @ 25950000: uvm_test_top.env.o_agt.drv [READ_DRV] Read pulse asserted
# UVM_INFO UVM/read_fifo_driver.sv(66) @ 25950000: uvm_test_top.env.o_agt.drv [READ_DRV] Completed READ transaction
# UVM_INFO UVM/read_fifo_seq.sv(30) @ 25950000: uvm_test_top.env.o_agt.sqr@@my_case0_sequence.rd_seq [read_fifo_seq] Issued one READ transaction
# UVM_INFO UVM/my_case0.sv(40) @ 25950000: uvm_test_top.env.m_vseqr@@my_case0_sequence [my_case0] READ requested one item
# UVM_INFO UVM/write_fifo_driver.sv(66) @ 25950000: uvm_test_top.env.i_agt.drv [WRITE_DRV] Received WRITE transaction: tx_id=14 data=0xf8
# UVM_INFO UVM/write_fifo_driver.sv(101) @ 25950000: uvm_test_top.env.i_agt.drv [WRITE_DRV] Attempting WRITE: tx_id=14 data=0xf8
# UVM_INFO UVM/write_fifo_driver.sv(125) @ 26100000: uvm_test_top.env.i_agt.drv [WRITE_DRV] WRITE accepted by DUT: tx_id=14 data=0xf8
# UVM_INFO UVM/write_fifo_driver.sv(75) @ 26300000: uvm_test_top.env.i_agt.drv [WRITE_DRV] Completed WRITE transaction: tx_id=14 data=0xf8
# UVM_INFO UVM/my_case0.sv(37) @ 26300000: uvm_test_top.env.m_vseqr@@my_case0_sequence [my_case0] WRITE sent one item
# UVM_INFO UVM/read_fifo_driver.sv(58) @ 26300000: uvm_test_top.env.o_agt.drv [READ_DRV] Received READ transaction from sequencer
# UVM_INFO UVM/read_fifo_driver.sv(85) @ 26300000: uvm_test_top.env.o_agt.drv [READ_DRV] Attempting read operation
# UVM_INFO UVM/read_fifo_driver.sv(111) @ 27450000: uvm_test_top.env.o_agt.drv [READ_DRV] FIFO not empty, asserting rinc
# UVM_INFO UVM/read_fifo_driver.sv(122) @ 27750000: uvm_test_top.env.o_agt.drv [READ_DRV] Read pulse asserted
# UVM_INFO UVM/read_fifo_driver.sv(66) @ 27750000: uvm_test_top.env.o_agt.drv [READ_DRV] Completed READ transaction
# UVM_INFO UVM/read_fifo_seq.sv(30) @ 27750000: uvm_test_top.env.o_agt.sqr@@my_case0_sequence.rd_seq [read_fifo_seq] Issued one READ transaction
# UVM_INFO UVM/my_case0.sv(40) @ 27750000: uvm_test_top.env.m_vseqr@@my_case0_sequence [my_case0] READ requested one item
# UVM_INFO UVM/write_fifo_driver.sv(66) @ 27750000: uvm_test_top.env.i_agt.drv [WRITE_DRV] Received WRITE transaction: tx_id=15 data=0x4d
# UVM_INFO UVM/write_fifo_driver.sv(101) @ 27750000: uvm_test_top.env.i_agt.drv [WRITE_DRV] Attempting WRITE: tx_id=15 data=0x4d
# UVM_INFO UVM/write_fifo_driver.sv(125) @ 27900000: uvm_test_top.env.i_agt.drv [WRITE_DRV] WRITE accepted by DUT: tx_id=15 data=0x4d
# UVM_INFO UVM/write_fifo_driver.sv(75) @ 28100000: uvm_test_top.env.i_agt.drv [WRITE_DRV] Completed WRITE transaction: tx_id=15 data=0x4d
# UVM_INFO UVM/my_case0.sv(37) @ 28100000: uvm_test_top.env.m_vseqr@@my_case0_sequence [my_case0] WRITE sent one item
# UVM_INFO UVM/read_fifo_driver.sv(58) @ 28100000: uvm_test_top.env.o_agt.drv [READ_DRV] Received READ transaction from sequencer
# UVM_INFO UVM/read_fifo_driver.sv(85) @ 28100000: uvm_test_top.env.o_agt.drv [READ_DRV] Attempting read operation
# UVM_INFO UVM/read_fifo_driver.sv(111) @ 29250000: uvm_test_top.env.o_agt.drv [READ_DRV] FIFO not empty, asserting rinc
# UVM_INFO UVM/read_fifo_driver.sv(122) @ 29550000: uvm_test_top.env.o_agt.drv [READ_DRV] Read pulse asserted
# UVM_INFO UVM/read_fifo_driver.sv(66) @ 29550000: uvm_test_top.env.o_agt.drv [READ_DRV] Completed READ transaction
# UVM_INFO UVM/read_fifo_seq.sv(30) @ 29550000: uvm_test_top.env.o_agt.sqr@@my_case0_sequence.rd_seq [read_fifo_seq] Issued one READ transaction
# UVM_INFO UVM/my_case0.sv(40) @ 29550000: uvm_test_top.env.m_vseqr@@my_case0_sequence [my_case0] READ requested one item
# UVM_INFO UVM/my_case0.sv(43) @ 29550000: uvm_test_top.env.m_vseqr@@my_case0_sequence [my_case0] body finished
# UVM_INFO verilog_src/uvm-1.1d/src/base/uvm_objection.svh(1267) @ 29550000: reporter [TEST_DONE] 'run' phase is ready to proceed to the 'extract' phase
# --------------------------------------------------
# â TESTCASE PASSED
# --------------------------------------------------
# ** Note: $finish    : UVM/base_test.sv(51)
#    Time: 29550 ns  Iteration: 49  Region: /uvm_pkg::uvm_phase::m_run_phases
# End time: 15:25:59 on Jan 06,2026, Elapsed time: 0:00:05
# Errors: 0, Warnings: 0
